All tests passed (5 assertions in 1 test case)

All tests passed (14 assertions in 4 test cases)

All tests passed (4 assertions in 1 test case)

All tests passed (2 assertions in 1 test case)

